// Jest Snapshot v1, https://goo.gl/fbAQLP

exports[`Loading component matches snapshot 1`] = `
<div>
  <p>
    ⌛ Loading feed... ⌛
  </p>
</div>
`;
