// Jest Snapshot v1, https://goo.gl/fbAQLP

exports[`NotFound component matches snapshot 1`] = `
<div>
  <div>
    <h1>
      ⛔ 404 - Page Not Found ⛔
    </h1>
    <a
      href="/"
    >
      Homepage
    </a>
  </div>
</div>
`;
